ca/mcgill/ecse321/rideshare9/service/UserService.class
ca/mcgill/ecse321/rideshare9/repository/StopRepository.class
ca/mcgill/ecse321/rideshare9/entity/User.class
ca/mcgill/ecse321/rideshare9/service/impl/UserServiceImpl.class
ca/mcgill/ecse321/rideshare9/entity/Advertisement.class
ca/mcgill/ecse321/rideshare9/repository/UserRepository.class
ca/mcgill/ecse321/rideshare9/entity/Vehicle.class
ca/mcgill/ecse321/rideshare9/controller/VehicleController.class
ca/mcgill/ecse321/rideshare9/entity/Stop.class
ca/mcgill/ecse321/rideshare9/jwt/JWTAuthenticationFilter.class
ca/mcgill/ecse321/rideshare9/exception/BaseException.class
ca/mcgill/ecse321/rideshare9/jwt/JWTLoginFilter.class
ca/mcgill/ecse321/rideshare9/service/impl/GrantedAuthorityImpl.class
ca/mcgill/ecse321/rideshare9/Rideshare9Application.class
ca/mcgill/ecse321/rideshare9/controller/StopController.class
ca/mcgill/ecse321/rideshare9/repository/VehicleRepository.class
ca/mcgill/ecse321/rideshare9/controller/AdvertisementController.class
ca/mcgill/ecse321/rideshare9/service/impl/CustomAuthenticationProvider.class
ca/mcgill/ecse321/rideshare9/exception/TokenException.class
ca/mcgill/ecse321/rideshare9/repository/AdvertisementRepository.class
ca/mcgill/ecse321/rideshare9/security/WebSecurityConfig.class
ca/mcgill/ecse321/rideshare9/controller/UserController.class
