/Users/yuxiangma/Desktop/ecse_321/pushdir/t09/src/main/java/ca/mcgill/ecse321/rideshare9/entity/Vehicle.java
/Users/yuxiangma/Desktop/ecse_321/pushdir/t09/src/main/java/ca/mcgill/ecse321/rideshare9/service/impl/GrantedAuthorityImpl.java
/Users/yuxiangma/Desktop/ecse_321/pushdir/t09/src/main/java/ca/mcgill/ecse321/rideshare9/service/impl/CustomAuthenticationProvider.java
/Users/yuxiangma/Desktop/ecse_321/pushdir/t09/src/main/java/ca/mcgill/ecse321/rideshare9/entity/Advertisement.java
/Users/yuxiangma/Desktop/ecse_321/pushdir/t09/src/main/java/ca/mcgill/ecse321/rideshare9/repository/UserRepository.java
/Users/yuxiangma/Desktop/ecse_321/pushdir/t09/src/main/java/ca/mcgill/ecse321/rideshare9/service/UserService.java
/Users/yuxiangma/Desktop/ecse_321/pushdir/t09/src/main/java/ca/mcgill/ecse321/rideshare9/jwt/JWTLoginFilter.java
/Users/yuxiangma/Desktop/ecse_321/pushdir/t09/src/main/java/ca/mcgill/ecse321/rideshare9/security/WebSecurityConfig.java
/Users/yuxiangma/Desktop/ecse_321/pushdir/t09/src/main/java/ca/mcgill/ecse321/rideshare9/jwt/JWTAuthenticationFilter.java
/Users/yuxiangma/Desktop/ecse_321/pushdir/t09/src/main/java/ca/mcgill/ecse321/rideshare9/repository/AdvertisementRepository.java
/Users/yuxiangma/Desktop/ecse_321/pushdir/t09/src/main/java/ca/mcgill/ecse321/rideshare9/repository/VehicleRepository.java
/Users/yuxiangma/Desktop/ecse_321/pushdir/t09/src/main/java/ca/mcgill/ecse321/rideshare9/exception/TokenException.java
/Users/yuxiangma/Desktop/ecse_321/pushdir/t09/src/main/java/ca/mcgill/ecse321/rideshare9/repository/StopRepository.java
/Users/yuxiangma/Desktop/ecse_321/pushdir/t09/src/main/java/ca/mcgill/ecse321/rideshare9/entity/User.java
/Users/yuxiangma/Desktop/ecse_321/pushdir/t09/src/main/java/ca/mcgill/ecse321/rideshare9/controller/StopController.java
/Users/yuxiangma/Desktop/ecse_321/pushdir/t09/src/main/java/ca/mcgill/ecse321/rideshare9/service/impl/UserServiceImpl.java
/Users/yuxiangma/Desktop/ecse_321/pushdir/t09/src/main/java/ca/mcgill/ecse321/rideshare9/Rideshare9Application.java
/Users/yuxiangma/Desktop/ecse_321/pushdir/t09/src/main/java/ca/mcgill/ecse321/rideshare9/controller/UserController.java
/Users/yuxiangma/Desktop/ecse_321/pushdir/t09/src/main/java/ca/mcgill/ecse321/rideshare9/controller/AdvertisementController.java
/Users/yuxiangma/Desktop/ecse_321/pushdir/t09/src/main/java/ca/mcgill/ecse321/rideshare9/entity/Stop.java
/Users/yuxiangma/Desktop/ecse_321/pushdir/t09/src/main/java/ca/mcgill/ecse321/rideshare9/controller/VehicleController.java
/Users/yuxiangma/Desktop/ecse_321/pushdir/t09/src/main/java/ca/mcgill/ecse321/rideshare9/exception/BaseException.java
